#!/bin/bash
gcc -E 
Toshiba@DESKTOP-4EUB4KU MINGW64 ~ (main)
$ ssh 4122c63f2f17@4122c63f2f17.0edfdbca.alx-cod.online
ssh: connect to host 4122c63f2f17.0edfdbca.alx-cod.online port 22: Connection timed out

Toshiba@DESKTOP-4EUB4KU MINGW64 ~ (main)
$ ssh 4122c63f2f17@4122c63f2f17.0edfdbca.alx-cod.online
4122c63f2f17@4122c63f2f17.0edfdbca.alx-cod.online's password:
root@4122c63f2f17:/# git clone https://github.com/Spartacusklaus/alx-low_level_programming.git
fatal: destination path 'alx-low_level_programming' already exists and is not an empty directory.
root@4122c63f2f17:/# ls
0x00              0x02_emacs                 alx-pre_course  bin   c    etc   js   lib32  libx32  mnt  proc       root  sbin  sys  usr
0x00-hello_world  alx-low_level_programming  bash            boot  dev  home  lib  lib64  media   opt  README.md  run   srv   tmp  var
root@4122c63f2f17:/# cd  alx-low_level_programming
root@4122c63f2f17:/alx-low_level_programming# echo "Alx Low Level Programming" > README.md
root@4122c63f2f17:/alx-low_level_programming# git add .
root@4122c63f2f17:/alx-low_level_programming# git commit -m "My readme"
On branch master
Your branch is based on 'origin/master', but the upstream is gone.
  (use "git branch --unset-upstream" to fixup)

nothing to commit, working tree clean
root@4122c63f2f17:/alx-low_level_programming# git push
Username for 'https://github.com': Spartacusklaus
Password for 'https://Spartacusklaus@github.com':
Enumerating objects: 3, done.
Counting objects: 100% (3/3), done.
Writing objects: 100% (3/3), 246 bytes | 246.00 KiB/s, done.
Total 3 (delta 0), reused 0 (delta 0)
To https://github.com/Spartacusklaus/alx-low_level_programming.git
 * [new branch]      master -> master
root@4122c63f2f17:/alx-low_level_programming# ls
README.md
root@4122c63f2f17:/alx-low_level_programming# mkdir 0x00-hello_world
root@4122c63f2f17:/alx-low_level_programming# ls
0x00-hello_world  README.md
root@4122c63f2f17:/alx-low_level_programming# cd 0x00-hello_world
root@4122c63f2f17:/alx-low_level_programming/0x00-hello_world# ls
root@4122c63f2f17:/alx-low_level_programming/0x00-hello_world# echo "My readme file for 0x00-hello_world " > README.md
root@4122c63f2f17:/alx-low_level_programming/0x00-hello_world# cat > 0-preprocessor
#!/bin/bash
gcc -E $CFILE -o c

:wq
^[[A^[[A



gcc -E $CFILE -oc
ls
root@4122c63f2f17:/alx-low_level_programming/0x00-hello_world#
root@4122c63f2f17:/alx-low_level_programming/0x00-hello_world# cat > 0-preprocessor
#!/bin/bash
gcc -E
